tests/integration/routes/user.admin.routes.integration.spec.ts
tests/e2e/group.admin.e2e.spec.ts
tests/e2e/user.admin.e2e.spec.ts
tests/unit/application/services/policy.admin.service.spec.ts
tests/integration/routes/permission.admin.routes.integration.spec.ts
tests/integration/routes/role.admin.routes.integration.spec.ts
tests/integration/routes/group.admin.routes.integration.spec.ts
tests/debug/dynamodb.debug.spec.ts
tests/integration/Persistence/DynamoUserProfileRepository.integration.spec.ts
tests/integration/routes/policy.admin.routes.integration.spec.ts
tests/unit/application/services/group.admin.service.spec.ts
tests/unit/application/services/permission.admin.service.spec.ts
tests/unit/application/services/role.admin.service.spec.ts
tests/unit/api/middlewares/jwtAuth.middleware.spec.ts
tests/unit/infrastructure/adapters/policy-engine/DynamoDbPolicyEngineAdapter.spec.ts
tests/integration/routes/user.admin.routes.integration.spec.ts
tests/e2e/group.admin.e2e.spec.ts
tests/e2e/user.admin.e2e.spec.ts
tests/unit/application/services/policy.admin.service.spec.ts
tests/integration/routes/permission.admin.routes.integration.spec.ts
tests/integration/routes/role.admin.routes.integration.spec.ts
tests/integration/routes/group.admin.routes.integration.spec.ts
tests/debug/dynamodb.debug.spec.ts
tests/integration/Persistence/DynamoUserProfileRepository.integration.spec.ts
tests/integration/routes/policy.admin.routes.integration.spec.ts
tests/unit/application/services/group.admin.service.spec.ts
tests/unit/application/services/permission.admin.service.spec.ts
tests/unit/application/services/role.admin.service.spec.ts
tests/unit/api/middlewares/jwtAuth.middleware.spec.ts
tests/unit/infrastructure/adapters/policy-engine/DynamoDbPolicyEngineAdapter.spec.ts